url: 'https://example.com'
chromeOptions:
    chromeFlags: ['--headless']
lighthouseConfig:
    extends: 'lighthouse:default'
    settings: { onlyCategories: [performance, accessibility, best-practices, seo, pwa], formFactor: desktop, output: [json, html], gatherMode: false, disableNetworkThrottling: true, disableCpuThrottling: true, throttlingMethod: provided, screenEmulation: { disabled: true } }
timeout: 59300
